{"sessionId": "4c5bfb", "hypothesisId": "C", "location": "memory.py:list_workspace_memories:enter", "message": "memory/list HTTP handler entered", "data": {"group_id": null}, "timestamp": 1781053035929}
{"sessionId": "4c5bfb", "hypothesisId": "E", "location": "graphiti_service.py:_snapshot_read_driver:enter", "message": "snapshot read driver \u2014 before acquire", "data": {"key": "C:\\Users\\GF\\AppData\\Local\\hiro\\workspaces\\default\\knowledge\\graph\\graphiti_kuzu.db", "write_lock_locked": false, "refcount": 1}, "timestamp": 1781053035937}
{"sessionId": "4c5bfb", "hypothesisId": "E", "location": "graphiti_service.py:_snapshot_read_driver:acquired", "message": "snapshot read driver \u2014 acquired + read connection opened", "data": {"key": "C:\\Users\\GF\\AppData\\Local\\hiro\\workspaces\\default\\knowledge\\graph\\graphiti_kuzu.db", "write_lock_locked": false}, "timestamp": 1781053035939}
{"sessionId": "4c5bfb", "hypothesisId": "E", "location": "graphiti_service.py:_snapshot_read_driver:enter", "message": "snapshot read driver \u2014 before acquire", "data": {"key": "C:\\Users\\GF\\AppData\\Local\\hiro\\workspaces\\default\\knowledge\\graph\\graphiti_kuzu.db", "write_lock_locked": false, "refcount": 2}, "timestamp": 1781053035945}
{"sessionId": "4c5bfb", "hypothesisId": "E", "location": "graphiti_service.py:_snapshot_read_driver:acquired", "message": "snapshot read driver \u2014 acquired + read connection opened", "data": {"key": "C:\\Users\\GF\\AppData\\Local\\hiro\\workspaces\\default\\knowledge\\graph\\graphiti_kuzu.db", "write_lock_locked": false}, "timestamp": 1781053035947}
{"sessionId": "4c5bfb", "hypothesisId": "A", "location": "graphiti_service.py:list_facts:enter", "message": "list_facts \u2014 about to read", "data": {"group_ids": ["mem_1_hiro"]}, "timestamp": 1781053035951}
{"sessionId": "4c5bfb", "hypothesisId": "E", "location": "graphiti_service.py:_snapshot_read_driver:enter", "message": "snapshot read driver \u2014 before acquire", "data": {"key": "C:\\Users\\GF\\AppData\\Local\\hiro\\workspaces\\default\\knowledge\\graph\\graphiti_kuzu.db", "write_lock_locked": false, "refcount": 2}, "timestamp": 1781053035954}
{"sessionId": "4c5bfb", "hypothesisId": "E", "location": "graphiti_service.py:_snapshot_read_driver:acquired", "message": "snapshot read driver \u2014 acquired + read connection opened", "data": {"key": "C:\\Users\\GF\\AppData\\Local\\hiro\\workspaces\\default\\knowledge\\graph\\graphiti_kuzu.db", "write_lock_locked": false}, "timestamp": 1781053035956}
{"sessionId": "4c5bfb", "hypothesisId": "A", "location": "graphiti_service.py:list_facts:after_edges", "message": "list_facts \u2014 edges read", "data": {"group_ids": ["mem_1_hiro"], "edge_count": 15}, "timestamp": 1781053035978}
{"sessionId": "4c5bfb", "hypothesisId": "E", "location": "graphiti_service.py:_snapshot_read_driver:enter", "message": "snapshot read driver \u2014 before acquire", "data": {"key": "C:\\Users\\GF\\AppData\\Local\\hiro\\workspaces\\default\\knowledge\\graph\\graphiti_kuzu.db", "write_lock_locked": false, "refcount": 2}, "timestamp": 1781053035985}
{"sessionId": "4c5bfb", "hypothesisId": "E", "location": "graphiti_service.py:_snapshot_read_driver:acquired", "message": "snapshot read driver \u2014 acquired + read connection opened", "data": {"key": "C:\\Users\\GF\\AppData\\Local\\hiro\\workspaces\\default\\knowledge\\graph\\graphiti_kuzu.db", "write_lock_locked": false}, "timestamp": 1781053035988}
{"sessionId": "4c5bfb", "hypothesisId": "C", "location": "memory.py:list_workspace_memories:done", "message": "memory/list returning", "data": {"group_id": null, "count": 28}, "timestamp": 1781053035993}
{"sessionId": "4c5bfb", "hypothesisId": "C", "location": "knowledge.py:graph_export:enter", "message": "graph_export HTTP handler entered", "data": {"group_ids": ["mem_1_hiro"]}, "timestamp": 1781053036014}
{"sessionId": "4c5bfb", "hypothesisId": "E", "location": "graphiti_service.py:_snapshot_read_driver:enter", "message": "snapshot read driver \u2014 before acquire", "data": {"key": "C:\\Users\\GF\\AppData\\Local\\hiro\\workspaces\\default\\knowledge\\graph\\graphiti_kuzu.db", "write_lock_locked": false, "refcount": 1}, "timestamp": 1781053036019}
{"sessionId": "4c5bfb", "hypothesisId": "E", "location": "graphiti_service.py:_snapshot_read_driver:acquired", "message": "snapshot read driver \u2014 acquired + read connection opened", "data": {"key": "C:\\Users\\GF\\AppData\\Local\\hiro\\workspaces\\default\\knowledge\\graph\\graphiti_kuzu.db", "write_lock_locked": false}, "timestamp": 1781053036022}
{"sessionId": "4c5bfb", "hypothesisId": "A", "location": "graphiti_service.py:read_graph_snapshot:before_nodes", "message": "snapshot \u2014 about to read nodes", "data": {"gids": ["mem_1_hiro"]}, "timestamp": 1781053036024}
{"sessionId": "4c5bfb", "hypothesisId": "A", "location": "graphiti_service.py:read_graph_snapshot:after_nodes", "message": "snapshot \u2014 nodes read", "data": {"gids": ["mem_1_hiro"], "node_count": 13}, "timestamp": 1781053036029}
{"sessionId": "4c5bfb", "hypothesisId": "A", "location": "graphiti_service.py:read_graph_snapshot:after_edges", "message": "snapshot \u2014 edges read", "data": {"gids": ["mem_1_hiro"], "edge_count": 15}, "timestamp": 1781053036039}
{"sessionId": "4c5bfb", "hypothesisId": "C", "location": "knowledge.py:graph_export:done", "message": "graph_export returning payload", "data": {"group_ids": ["mem_1_hiro"], "counts": {"nodes": 13, "edges": 15}}, "timestamp": 1781053036047}
{"sessionId": "4c5bfb", "hypothesisId": "E", "location": "graphiti_service.py:_snapshot_read_driver:enter", "message": "snapshot read driver \u2014 before acquire", "data": {"key": "C:\\Users\\GF\\AppData\\Local\\hiro\\workspaces\\default\\knowledge\\graph\\graphiti_kuzu.db", "write_lock_locked": false, "refcount": 1}, "timestamp": 1781054615345}
{"sessionId": "4c5bfb", "hypothesisId": "E", "location": "graphiti_service.py:_snapshot_read_driver:acquired", "message": "snapshot read driver \u2014 acquired + read connection opened", "data": {"key": "C:\\Users\\GF\\AppData\\Local\\hiro\\workspaces\\default\\knowledge\\graph\\graphiti_kuzu.db", "write_lock_locked": false}, "timestamp": 1781054615348}
{"sessionId": "4c5bfb", "hypothesisId": "C", "location": "memory.py:list_workspace_memories:enter", "message": "memory/list HTTP handler entered", "data": {"group_id": null}, "timestamp": 1781082592715}
{"sessionId": "4c5bfb", "hypothesisId": "E", "location": "graphiti_service.py:_snapshot_read_driver:enter", "message": "snapshot read driver \u2014 before acquire", "data": {"key": "C:\\Users\\augr\\AppData\\Local\\hiro\\workspaces\\default\\knowledge\\graph\\graphiti_kuzu.db", "write_lock_locked": false, "refcount": 1}, "timestamp": 1781082592718}
{"sessionId": "4c5bfb", "hypothesisId": "E", "location": "graphiti_service.py:_snapshot_read_driver:acquired", "message": "snapshot read driver \u2014 acquired + read connection opened", "data": {"key": "C:\\Users\\augr\\AppData\\Local\\hiro\\workspaces\\default\\knowledge\\graph\\graphiti_kuzu.db", "write_lock_locked": false}, "timestamp": 1781082592719}
{"sessionId": "4c5bfb", "hypothesisId": "E", "location": "graphiti_service.py:_snapshot_read_driver:enter", "message": "snapshot read driver \u2014 before acquire", "data": {"key": "C:\\Users\\augr\\AppData\\Local\\hiro\\workspaces\\default\\knowledge\\graph\\graphiti_kuzu.db", "write_lock_locked": false, "refcount": 2}, "timestamp": 1781082592790}
{"sessionId": "4c5bfb", "hypothesisId": "E", "location": "graphiti_service.py:_snapshot_read_driver:acquired", "message": "snapshot read driver \u2014 acquired + read connection opened", "data": {"key": "C:\\Users\\augr\\AppData\\Local\\hiro\\workspaces\\default\\knowledge\\graph\\graphiti_kuzu.db", "write_lock_locked": false}, "timestamp": 1781082592791}
{"sessionId": "4c5bfb", "hypothesisId": "A", "location": "graphiti_service.py:list_facts:enter", "message": "list_facts \u2014 about to read", "data": {"group_ids": ["mem_1_hiro"]}, "timestamp": 1781082592833}
{"sessionId": "4c5bfb", "hypothesisId": "E", "location": "graphiti_service.py:_snapshot_read_driver:enter", "message": "snapshot read driver \u2014 before acquire", "data": {"key": "C:\\Users\\augr\\AppData\\Local\\hiro\\workspaces\\default\\knowledge\\graph\\graphiti_kuzu.db", "write_lock_locked": false, "refcount": 2}, "timestamp": 1781082592834}
{"sessionId": "4c5bfb", "hypothesisId": "E", "location": "graphiti_service.py:_snapshot_read_driver:acquired", "message": "snapshot read driver \u2014 acquired + read connection opened", "data": {"key": "C:\\Users\\augr\\AppData\\Local\\hiro\\workspaces\\default\\knowledge\\graph\\graphiti_kuzu.db", "write_lock_locked": false}, "timestamp": 1781082592834}
{"sessionId": "4c5bfb", "hypothesisId": "A", "location": "graphiti_service.py:list_facts:after_edges", "message": "list_facts \u2014 edges read", "data": {"group_ids": ["mem_1_hiro"], "edge_count": 9}, "timestamp": 1781082592903}
{"sessionId": "4c5bfb", "hypothesisId": "C", "location": "memory.py:list_workspace_memories:done", "message": "memory/list returning", "data": {"group_id": null, "count": 14}, "timestamp": 1781082592910}
{"sessionId": "4c5bfb", "hypothesisId": "E", "location": "graphiti_service.py:_snapshot_read_driver:enter", "message": "snapshot read driver \u2014 before acquire", "data": {"key": "C:\\Users\\augr\\AppData\\Local\\hiro\\workspaces\\default\\knowledge\\graph\\graphiti_kuzu.db", "write_lock_locked": false, "refcount": 1}, "timestamp": 1781082593253}
{"sessionId": "4c5bfb", "hypothesisId": "E", "location": "graphiti_service.py:_snapshot_read_driver:acquired", "message": "snapshot read driver \u2014 acquired + read connection opened", "data": {"key": "C:\\Users\\augr\\AppData\\Local\\hiro\\workspaces\\default\\knowledge\\graph\\graphiti_kuzu.db", "write_lock_locked": false}, "timestamp": 1781082593254}
{"sessionId": "4c5bfb", "hypothesisId": "C", "location": "knowledge.py:graph_export:enter", "message": "graph_export HTTP handler entered", "data": {"group_ids": ["eval_mem_helix_station"]}, "timestamp": 1781082593806}
{"sessionId": "4c5bfb", "hypothesisId": "E", "location": "graphiti_service.py:_snapshot_read_driver:enter", "message": "snapshot read driver \u2014 before acquire", "data": {"key": "C:\\Users\\augr\\AppData\\Local\\hiro\\workspaces\\default\\knowledge\\graph\\graphiti_kuzu.db", "write_lock_locked": false, "refcount": 1}, "timestamp": 1781082593809}
{"sessionId": "4c5bfb", "hypothesisId": "E", "location": "graphiti_service.py:_snapshot_read_driver:acquired", "message": "snapshot read driver \u2014 acquired + read connection opened", "data": {"key": "C:\\Users\\augr\\AppData\\Local\\hiro\\workspaces\\default\\knowledge\\graph\\graphiti_kuzu.db", "write_lock_locked": false}, "timestamp": 1781082593810}
{"sessionId": "4c5bfb", "hypothesisId": "A", "location": "graphiti_service.py:read_graph_snapshot:before_nodes", "message": "snapshot \u2014 about to read nodes", "data": {"gids": ["eval_mem_helix_station"]}, "timestamp": 1781082593810}
{"sessionId": "4c5bfb", "hypothesisId": "A", "location": "graphiti_service.py:read_graph_snapshot:after_nodes", "message": "snapshot \u2014 nodes read", "data": {"gids": ["eval_mem_helix_station"], "node_count": 14}, "timestamp": 1781082593874}
{"sessionId": "4c5bfb", "hypothesisId": "A", "location": "graphiti_service.py:read_graph_snapshot:after_edges", "message": "snapshot \u2014 edges read", "data": {"gids": ["eval_mem_helix_station"], "edge_count": 15}, "timestamp": 1781082593896}
{"sessionId": "4c5bfb", "hypothesisId": "C", "location": "knowledge.py:graph_export:done", "message": "graph_export returning payload", "data": {"group_ids": ["eval_mem_helix_station"], "counts": {"nodes": 14, "edges": 15}}, "timestamp": 1781082593906}
{"sessionId": "4c5bfb", "hypothesisId": "C", "location": "memory.py:list_workspace_memories:enter", "message": "memory/list HTTP handler entered", "data": {"group_id": null}, "timestamp": 1781082594565}
{"sessionId": "4c5bfb", "hypothesisId": "E", "location": "graphiti_service.py:_snapshot_read_driver:enter", "message": "snapshot read driver \u2014 before acquire", "data": {"key": "C:\\Users\\augr\\AppData\\Local\\hiro\\workspaces\\default\\knowledge\\graph\\graphiti_kuzu.db", "write_lock_locked": false, "refcount": 1}, "timestamp": 1781082594569}
{"sessionId": "4c5bfb", "hypothesisId": "E", "location": "graphiti_service.py:_snapshot_read_driver:acquired", "message": "snapshot read driver \u2014 acquired + read connection opened", "data": {"key": "C:\\Users\\augr\\AppData\\Local\\hiro\\workspaces\\default\\knowledge\\graph\\graphiti_kuzu.db", "write_lock_locked": false}, "timestamp": 1781082594569}
{"sessionId": "4c5bfb", "hypothesisId": "E", "location": "graphiti_service.py:_snapshot_read_driver:enter", "message": "snapshot read driver \u2014 before acquire", "data": {"key": "C:\\Users\\augr\\AppData\\Local\\hiro\\workspaces\\default\\knowledge\\graph\\graphiti_kuzu.db", "write_lock_locked": false, "refcount": 2}, "timestamp": 1781082594575}
{"sessionId": "4c5bfb", "hypothesisId": "E", "location": "graphiti_service.py:_snapshot_read_driver:acquired", "message": "snapshot read driver \u2014 acquired + read connection opened", "data": {"key": "C:\\Users\\augr\\AppData\\Local\\hiro\\workspaces\\default\\knowledge\\graph\\graphiti_kuzu.db", "write_lock_locked": false}, "timestamp": 1781082594575}
{"sessionId": "4c5bfb", "hypothesisId": "A", "location": "graphiti_service.py:list_facts:enter", "message": "list_facts \u2014 about to read", "data": {"group_ids": ["mem_1_hiro"]}, "timestamp": 1781082594588}
{"sessionId": "4c5bfb", "hypothesisId": "E", "location": "graphiti_service.py:_snapshot_read_driver:enter", "message": "snapshot read driver \u2014 before acquire", "data": {"key": "C:\\Users\\augr\\AppData\\Local\\hiro\\workspaces\\default\\knowledge\\graph\\graphiti_kuzu.db", "write_lock_locked": false, "refcount": 2}, "timestamp": 1781082594589}
{"sessionId": "4c5bfb", "hypothesisId": "E", "location": "graphiti_service.py:_snapshot_read_driver:acquired", "message": "snapshot read driver \u2014 acquired + read connection opened", "data": {"key": "C:\\Users\\augr\\AppData\\Local\\hiro\\workspaces\\default\\knowledge\\graph\\graphiti_kuzu.db", "write_lock_locked": false}, "timestamp": 1781082594590}
{"sessionId": "4c5bfb", "hypothesisId": "A", "location": "graphiti_service.py:list_facts:after_edges", "message": "list_facts \u2014 edges read", "data": {"group_ids": ["mem_1_hiro"], "edge_count": 9}, "timestamp": 1781082594652}
{"sessionId": "4c5bfb", "hypothesisId": "C", "location": "memory.py:list_workspace_memories:done", "message": "memory/list returning", "data": {"group_id": null, "count": 14}, "timestamp": 1781082594661}
{"sessionId": "4c5bfb", "hypothesisId": "E", "location": "graphiti_service.py:_snapshot_read_driver:enter", "message": "snapshot read driver \u2014 before acquire", "data": {"key": "C:\\Users\\augr\\AppData\\Local\\hiro\\workspaces\\default\\knowledge\\graph\\graphiti_kuzu.db", "write_lock_locked": false, "refcount": 1}, "timestamp": 1781082594978}
{"sessionId": "4c5bfb", "hypothesisId": "E", "location": "graphiti_service.py:_snapshot_read_driver:acquired", "message": "snapshot read driver \u2014 acquired + read connection opened", "data": {"key": "C:\\Users\\augr\\AppData\\Local\\hiro\\workspaces\\default\\knowledge\\graph\\graphiti_kuzu.db", "write_lock_locked": false}, "timestamp": 1781082594979}
{"sessionId": "4c5bfb", "hypothesisId": "C", "location": "knowledge.py:graph_export:enter", "message": "graph_export HTTP handler entered", "data": {"group_ids": ["eval_mem_helix_station"]}, "timestamp": 1781082595016}
{"sessionId": "4c5bfb", "hypothesisId": "E", "location": "graphiti_service.py:_snapshot_read_driver:enter", "message": "snapshot read driver \u2014 before acquire", "data": {"key": "C:\\Users\\augr\\AppData\\Local\\hiro\\workspaces\\default\\knowledge\\graph\\graphiti_kuzu.db", "write_lock_locked": false, "refcount": 1}, "timestamp": 1781082595018}
{"sessionId": "4c5bfb", "hypothesisId": "E", "location": "graphiti_service.py:_snapshot_read_driver:acquired", "message": "snapshot read driver \u2014 acquired + read connection opened", "data": {"key": "C:\\Users\\augr\\AppData\\Local\\hiro\\workspaces\\default\\knowledge\\graph\\graphiti_kuzu.db", "write_lock_locked": false}, "timestamp": 1781082595019}
{"sessionId": "4c5bfb", "hypothesisId": "A", "location": "graphiti_service.py:read_graph_snapshot:before_nodes", "message": "snapshot \u2014 about to read nodes", "data": {"gids": ["eval_mem_helix_station"]}, "timestamp": 1781082595019}
{"sessionId": "4c5bfb", "hypothesisId": "A", "location": "graphiti_service.py:read_graph_snapshot:after_nodes", "message": "snapshot \u2014 nodes read", "data": {"gids": ["eval_mem_helix_station"], "node_count": 14}, "timestamp": 1781082595032}
{"sessionId": "4c5bfb", "hypothesisId": "A", "location": "graphiti_service.py:read_graph_snapshot:after_edges", "message": "snapshot \u2014 edges read", "data": {"gids": ["eval_mem_helix_station"], "edge_count": 15}, "timestamp": 1781082595049}
{"sessionId": "4c5bfb", "hypothesisId": "C", "location": "knowledge.py:graph_export:done", "message": "graph_export returning payload", "data": {"group_ids": ["eval_mem_helix_station"], "counts": {"nodes": 14, "edges": 15}}, "timestamp": 1781082595059}
{"sessionId": "4c5bfb", "hypothesisId": "C", "location": "memory.py:list_workspace_memories:enter", "message": "memory/list HTTP handler entered", "data": {"group_id": null}, "timestamp": 1781082596809}
{"sessionId": "4c5bfb", "hypothesisId": "E", "location": "graphiti_service.py:_snapshot_read_driver:enter", "message": "snapshot read driver \u2014 before acquire", "data": {"key": "C:\\Users\\augr\\AppData\\Local\\hiro\\workspaces\\default\\knowledge\\graph\\graphiti_kuzu.db", "write_lock_locked": false, "refcount": 1}, "timestamp": 1781082596814}
{"sessionId": "4c5bfb", "hypothesisId": "E", "location": "graphiti_service.py:_snapshot_read_driver:acquired", "message": "snapshot read driver \u2014 acquired + read connection opened", "data": {"key": "C:\\Users\\augr\\AppData\\Local\\hiro\\workspaces\\default\\knowledge\\graph\\graphiti_kuzu.db", "write_lock_locked": false}, "timestamp": 1781082596815}
{"sessionId": "4c5bfb", "hypothesisId": "A", "location": "graphiti_service.py:list_facts:enter", "message": "list_facts \u2014 about to read", "data": {"group_ids": ["mem_1_hiro"]}, "timestamp": 1781082596824}
{"sessionId": "4c5bfb", "hypothesisId": "E", "location": "graphiti_service.py:_snapshot_read_driver:enter", "message": "snapshot read driver \u2014 before acquire", "data": {"key": "C:\\Users\\augr\\AppData\\Local\\hiro\\workspaces\\default\\knowledge\\graph\\graphiti_kuzu.db", "write_lock_locked": false, "refcount": 1}, "timestamp": 1781082596825}
{"sessionId": "4c5bfb", "hypothesisId": "E", "location": "graphiti_service.py:_snapshot_read_driver:acquired", "message": "snapshot read driver \u2014 acquired + read connection opened", "data": {"key": "C:\\Users\\augr\\AppData\\Local\\hiro\\workspaces\\default\\knowledge\\graph\\graphiti_kuzu.db", "write_lock_locked": false}, "timestamp": 1781082596825}
{"sessionId": "4c5bfb", "hypothesisId": "E", "location": "graphiti_service.py:_snapshot_read_driver:enter", "message": "snapshot read driver \u2014 before acquire", "data": {"key": "C:\\Users\\augr\\AppData\\Local\\hiro\\workspaces\\default\\knowledge\\graph\\graphiti_kuzu.db", "write_lock_locked": false, "refcount": 2}, "timestamp": 1781082596840}
{"sessionId": "4c5bfb", "hypothesisId": "E", "location": "graphiti_service.py:_snapshot_read_driver:acquired", "message": "snapshot read driver \u2014 acquired + read connection opened", "data": {"key": "C:\\Users\\augr\\AppData\\Local\\hiro\\workspaces\\default\\knowledge\\graph\\graphiti_kuzu.db", "write_lock_locked": false}, "timestamp": 1781082596841}
{"sessionId": "4c5bfb", "hypothesisId": "A", "location": "graphiti_service.py:list_facts:after_edges", "message": "list_facts \u2014 edges read", "data": {"group_ids": ["mem_1_hiro"], "edge_count": 9}, "timestamp": 1781082596880}
{"sessionId": "4c5bfb", "hypothesisId": "C", "location": "memory.py:list_workspace_memories:done", "message": "memory/list returning", "data": {"group_id": null, "count": 14}, "timestamp": 1781082596938}
{"sessionId": "4c5bfb", "hypothesisId": "E", "location": "graphiti_service.py:_snapshot_read_driver:enter", "message": "snapshot read driver \u2014 before acquire", "data": {"key": "C:\\Users\\augr\\AppData\\Local\\hiro\\workspaces\\default\\knowledge\\graph\\graphiti_kuzu.db", "write_lock_locked": false, "refcount": 1}, "timestamp": 1781082597253}
{"sessionId": "4c5bfb", "hypothesisId": "E", "location": "graphiti_service.py:_snapshot_read_driver:acquired", "message": "snapshot read driver \u2014 acquired + read connection opened", "data": {"key": "C:\\Users\\augr\\AppData\\Local\\hiro\\workspaces\\default\\knowledge\\graph\\graphiti_kuzu.db", "write_lock_locked": false}, "timestamp": 1781082597254}
{"sessionId": "4c5bfb", "hypothesisId": "C", "location": "knowledge.py:graph_export:enter", "message": "graph_export HTTP handler entered", "data": {"group_ids": ["eval_mem_helix_station"]}, "timestamp": 1781082597590}
{"sessionId": "4c5bfb", "hypothesisId": "E", "location": "graphiti_service.py:_snapshot_read_driver:enter", "message": "snapshot read driver \u2014 before acquire", "data": {"key": "C:\\Users\\augr\\AppData\\Local\\hiro\\workspaces\\default\\knowledge\\graph\\graphiti_kuzu.db", "write_lock_locked": false, "refcount": 1}, "timestamp": 1781082597592}
{"sessionId": "4c5bfb", "hypothesisId": "E", "location": "graphiti_service.py:_snapshot_read_driver:acquired", "message": "snapshot read driver \u2014 acquired + read connection opened", "data": {"key": "C:\\Users\\augr\\AppData\\Local\\hiro\\workspaces\\default\\knowledge\\graph\\graphiti_kuzu.db", "write_lock_locked": false}, "timestamp": 1781082597593}
{"sessionId": "4c5bfb", "hypothesisId": "A", "location": "graphiti_service.py:read_graph_snapshot:before_nodes", "message": "snapshot \u2014 about to read nodes", "data": {"gids": ["eval_mem_helix_station"]}, "timestamp": 1781082597593}
{"sessionId": "4c5bfb", "hypothesisId": "A", "location": "graphiti_service.py:read_graph_snapshot:after_nodes", "message": "snapshot \u2014 nodes read", "data": {"gids": ["eval_mem_helix_station"], "node_count": 14}, "timestamp": 1781082597633}
{"sessionId": "4c5bfb", "hypothesisId": "A", "location": "graphiti_service.py:read_graph_snapshot:after_edges", "message": "snapshot \u2014 edges read", "data": {"gids": ["eval_mem_helix_station"], "edge_count": 15}, "timestamp": 1781082597648}
{"sessionId": "4c5bfb", "hypothesisId": "C", "location": "knowledge.py:graph_export:done", "message": "graph_export returning payload", "data": {"group_ids": ["eval_mem_helix_station"], "counts": {"nodes": 14, "edges": 15}}, "timestamp": 1781082597671}
